
> attendance-system-modern@1.0.1 build
> tsc && vite build

src/components/AdminEmployeeList.tsx(212,39): error TS6133: 'index' is declared but its value is never read.
